C:\Users\HP OMEN\Documents\Uni\Class\APT 3040\project\StudentRegistrationSystem\src\main\java\com\mycompany\studentregistrationsystem\DatabaseConnection.java
C:\Users\HP OMEN\Documents\Uni\Class\APT 3040\project\StudentRegistrationSystem\src\main\java\com\mycompany\studentregistrationsystem\DataInserter.java
C:\Users\HP OMEN\Documents\Uni\Class\APT 3040\project\StudentRegistrationSystem\src\main\java\com\mycompany\studentregistrationsystem\DataRetriever.java
C:\Users\HP OMEN\Documents\Uni\Class\APT 3040\project\StudentRegistrationSystem\src\main\java\com\mycompany\studentregistrationsystem\StudentAccountData.java
C:\Users\HP OMEN\Documents\Uni\Class\APT 3040\project\StudentRegistrationSystem\src\main\java\com\mycompany\studentregistrationsystem\StudentCourseRegistrationData.java
C:\Users\HP OMEN\Documents\Uni\Class\APT 3040\project\StudentRegistrationSystem\src\main\java\com\mycompany\studentregistrationsystem\StudentData.java
C:\Users\HP OMEN\Documents\Uni\Class\APT 3040\project\StudentRegistrationSystem\src\main\java\com\mycompany\studentregistrationsystem\StudentRegistrationSystem.java
C:\Users\HP OMEN\Documents\Uni\Class\APT 3040\project\StudentRegistrationSystem\src\main\java\com\mycompany\studentregistrationsystem\TransactionData.java
